Старков Савва 3343

vboxuser@vbox:~/Documents/Starkov_Savva_lb1$ date
Fri 07 Mar 2025 04:52:01 AM MSK
vboxuser@vbox:~/Documents/Starkov_Savva_lb1$ date && whoami
Fri 07 Mar 2025 04:52:37 AM MSK
vboxuser
vboxuser@vbox:~/Documents/Starkov_Savva_lb1$ date && lscpu
Fri 07 Mar 2025 04:52:45 AM MSK
Architecture:             x86_64
  CPU op-mode(s):         32-bit, 64-bit
  Address sizes:          48 bits physical, 48 bits virtual
  Byte Order:             Little Endian
CPU(s):                   6
  On-line CPU(s) list:    0-5
Vendor ID:                AuthenticAMD
  Model name:             AMD Ryzen 7 5800H with Radeon Graphics
    CPU family:           25
    Model:                80
    Thread(s) per core:   1
    Core(s) per socket:   6
    Socket(s):            1
    Stepping:             0
    BogoMIPS:             6387.77
    Flags:                fpu vme de pse tsc msr pae mce cx8 apic sep mtrr pge mca cmov pat pse36 clflush mmx fxsr sse sse2 ht syscall nx mm
                          xext fxsr_opt rdtscp lm constant_tsc rep_good nopl nonstop_tsc cpuid extd_apicid tsc_known_freq pni pclmulqdq ssse
                          3 cx16 sse4_1 sse4_2 movbe popcnt aes rdrand hypervisor lahf_lm cmp_legacy cr8_legacy abm sse4a misalignsse 3dnowp
                          refetch vmmcall fsgsbase bmi1 bmi2 invpcid rdseed adx clflushopt sha_ni arat
Virtualization features:  
  Hypervisor vendor:      KVM
  Virtualization type:    full
Caches (sum of all):      
  L1d:                    192 KiB (6 instances)
  L1i:                    192 KiB (6 instances)
  L2:                     3 MiB (6 instances)
  L3:                     96 MiB (6 instances)
NUMA:                     
  NUMA node(s):           1
  NUMA node0 CPU(s):      0-5
Vulnerabilities:          
  Gather data sampling:   Not affected
  Itlb multihit:          Not affected
  L1tf:                   Not affected
  Mds:                    Not affected
  Meltdown:               Not affected
  Mmio stale data:        Not affected
  Reg file data sampling: Not affected
  Retbleed:               Not affected
  Spec rstack overflow:   Mitigation; safe RET
  Spec store bypass:      Not affected
  Spectre v1:             Mitigation; usercopy/swapgs barriers and __user pointer sanitization
  Spectre v2:             Mitigation; Retpolines; STIBP disabled; RSB filling; PBRSB-eIBRS Not affected; BHI Not affected
  Srbds:                  Not affected
  Tsx async abort:        Not affected



vboxuser@vbox:~/Documents/Starkov_Savva_lb1$ date && systemd-detect-virt
Sun 09 Mar 2025 06:28:11 PM MSK
oracle


vboxuser@vbox:~/Documents/Starkov_Savva_lb1$ date && uname -a
Sun 09 Mar 2025 06:28:36 PM MSK
Linux vbox 6.1.0-31-amd64 #1 SMP PREEMPT_DYNAMIC Debian 6.1.128-1 (2025-02-07) x86_64 GNU/Linux


vboxuser@vbox:~/Documents/Starkov_Savva_lb1$ date && ls -l | grep '^-' | head -n 1
Sun 09 Mar 2025 06:32:27 PM MSK
-rwxr-xr-x 1 root     root     16296 Mar  7 01:54 gateway

vboxuser@vbox:/dev$ date && ls -l | grep '^b' | head -n 1
Sun 09 Mar 2025 06:33:37 PM MSK
brw-rw----  1 root     disk      7,   0 Mar  5 10:30 loop0

vboxuser@vbox:/$ date && ls -lR | grep '^c' | head -n 1
Sun 09 Mar 2025 06:33:57 PM MSK
crw-r--r--  1 root     root     10, 235 Mar  5 10:30 autofs

vboxuser@vbox:/$ date && ls -l | grep '^d' | head -n 1
Sun 09 Mar 2025 06:35:25 PM MSK
drwxr-xr-x   3 root root  4096 Feb 27 20:15 boot

vboxuser@vbox:/run$ date && ls -l | grep '^l' | head -n 1
Sun 09 Mar 2025 06:36:07 PM MSK
lrwxrwxrwx  1 root              root          8 Mar  5 10:30 shm -> /dev/shm

vboxuser@vbox:/run$ date && ls -l | grep '^p' | head -n 1
Sun 09 Mar 2025 06:36:29 PM MSK
prw-------  1 root              root          0 Mar  5 10:30 initctl

vboxuser@vbox:/run$ date && ls -l | grep '^s' | head -n 1
Sun 09 Mar 2025 06:36:58 PM MSK
srw-rw----  1 root              docker        0 Mar  5 10:30 docker.sock

1) 

vboxuser@vbox:~/Documents/Starkov_Savva_lb1$ date && bash task1.sh output.txt && cat output.txt
Sun 09 Mar 2025 06:38:34 PM MSK
Результаты сохранены в: output.txt
-rw-r--r-- 1 root root   259624 Jan  2 16:31 config-6.1.0-29-amd64 -/config-6.1.0-29-amd64
brw-rw----  1 root     disk      7,   0 Mar  5 10:30 loop0 -/loop0
crw-r--r--  1 root     root     10, 235 Mar  5 10:30 autofs -/autofs
drwxr-xr-x   3 root root  4096 Feb 27 20:15 boot -/boot
lrwxrwxrwx   1 root root     7 Feb 21 00:39 bin -> usr/bin -/usr/bin
prw-------  1 root              root          0 Mar  5 10:30 initctl -/initctl
srw-rw----  1 root              docker        0 Mar  5 10:30 docker.sock -/docker.sock

2) 

vboxuser@vbox:~/Documents/Starkov_Savva_lb1$ date && ln output.txt ./example/output.txt 
Sun 09 Mar 2025 06:49:48 PM MSK

vboxuser@vbox:~/Documents/Starkov_Savva_lb1$ date && bash task2.sh output.txt
Sun 09 Mar 2025 06:51:11 PM MSK
39960 -rw-r--r-- 2 vboxuser vboxuser   518 Mar  9 18:38 output.txt
39960 -rw-r--r-- 2 vboxuser vboxuser 518 Mar  9 18:38 output.txt

vboxuser@vbox:~/Documents/Starkov_Savva_lb1$ cp -s output.txt  link_cp.txt
vboxuser@vbox:~/Documents/Starkov_Savva_lb1$ ln -s output.txt  link_ln.txt
vboxuser@vbox:~/Documents/Starkov_Savva_lb1$ date && bash task3.sh output.txt
Sun 09 Mar 2025 06:56:09 PM MSK
Результаты сохранены в out.txt
Найдено ссылок: 2
lrwxrwxrwx 1 vboxuser vboxuser    10 Mar  9 18:55 link_cp.txt -> output.txt
lrwxrwxrwx 1 vboxuser vboxuser    10 Mar  9 18:55 link_ln.txt -> output.txt
total 2

vboxuser@vbox:~/Documents/Starkov_Savva_lb1$ date && ls -li
Sun 09 Mar 2025 06:57:10 PM MSK
total 72
39890 drwxr-xr-x 2 vboxuser vboxuser  4096 Mar  9 18:49 example
 5737 -rwxr-xr-x 1 root     root     16296 Mar  7 01:54 gateway
14501 -rwsr-xr-x 1 testuser vboxuser   949 Mar  7 01:49 gateway.c
39936 lrwxrwxrwx 1 vboxuser vboxuser    10 Mar  9 18:55 link_cp.txt -> output.txt
40027 lrwxrwxrwx 1 vboxuser vboxuser    10 Mar  9 18:55 link_ln.txt -> output.txt
39906 -rw-r--r-- 1 vboxuser vboxuser   132 Mar  9 18:51 out2.txt
 5688 -rw-r--r-- 1 vboxuser vboxuser  5470 Mar  9 18:56 output.log
39960 -rw-r--r-- 2 vboxuser vboxuser   518 Mar  9 18:38 output.txt
40011 -rw-r--r-- 1 vboxuser vboxuser   160 Mar  9 18:56 out.txt
 1114 -rwxr-xr-x 1 vboxuser vboxuser  1758 Mar  7 02:00 task10.sh
 1078 -rw-r--r-- 1 vboxuser vboxuser  1155 Mar  6 02:55 task1.sh
 1070 -rw-r--r-- 1 vboxuser vboxuser   187 Mar  6 10:33 task2.sh
 1105 -rw-r--r-- 1 vboxuser vboxuser   863 Mar  6 06:18 task3.sh
 1228 -rw-r--r-- 1 vboxuser vboxuser  1125 Mar  6 20:47 task7.sh
 1095 -rw-r--r-- 1 vboxuser vboxuser   836 Mar  6 21:12 task8.sh
14481 -rw-r--r-- 1 vboxuser vboxuser  3067 Mar  6 23:28 task91.sh

4)

vboxuser@vbox:~/Documents/Starkov_Savva_lb1$ date && ls -lR ~ | grep "^l" | grep "\-> output.txt"
Sun 09 Mar 2025 06:58:33 PM MSK
lrwxrwxrwx 1 vboxuser vboxuser    10 Mar  9 18:55 link_cp.txt -> output.txt
lrwxrwxrwx 1 vboxuser vboxuser    10 Mar  9 18:55 link_ln.txt -> output.txt

vboxuser@vbox:~/Documents/Starkov_Savva_lb1$ date && find ~ -type l -exec stat -c "%N" {} +  | grep -w "output.txt" 
Sun 09 Mar 2025 06:59:11 PM MSK
'/home/vboxuser/snap/code/184/.local/share/Trash/files/examples/link_ln.txt' -> 'output.txt'
'/home/vboxuser/Documents/Starkov_Savva_lb1/link_ln.txt' -> 'output.txt'
'/home/vboxuser/Documents/Starkov_Savva_lb1/link_cp.txt' -> 'output.txt'

vboxuser@vbox:~/Documents/Starkov_Savva_lb1$ date && find ~ -type l -lname "output.txt"
Sun 09 Mar 2025 06:59:55 PM MSK
/home/vboxuser/snap/code/184/.local/share/Trash/files/examples/link_ln.txt
/home/vboxuser/Documents/Starkov_Savva_lb1/link_ln.txt
/home/vboxuser/Documents/Starkov_Savva_lb1/link_cp.txt

5)

vboxuser@vbox:~/Documents/Starkov_Savva_lb1$ date && find . -type f -ls 2>error.log  | head -n 1
Sun 09 Mar 2025 07:02:04 PM MSK
     5737     16 -rwxr-xr-x   1 root     root        16296 Mar  7 01:54 ./gateway

vboxuser@vbox:~/Documents/Starkov_Savva_lb1$ date && find /dev -type l -ls  | head -n 1
Sun 09 Mar 2025 07:02:49 PM MSK
      799      0 lrwxrwxrwx   1 root     root            3 Mar  7 03:50 /dev/cdrom -> sr0

vboxuser@vbox:~/Documents/Starkov_Savva_lb1$ date && find /dev -type b -ls  | head -n 1
Sun 09 Mar 2025 07:03:25 PM MSK
      327      0 brw-rw----   1 root     disk       7,   7 Mar  5 10:30 /dev/loop7

vboxuser@vbox:~/Documents/Starkov_Savva_lb1$ date && find /dev -type c -ls  | head -n 1
Sun 09 Mar 2025 07:03:46 PM MSK
      816      0 crw-------   1 root     root     246,   0 Mar  7 04:41 /dev/hidraw0

vboxuser@vbox:~/Documents/Starkov_Savva_lb1$ date && find /dev -type d -ls  | head -n 1
Sun 09 Mar 2025 07:04:06 PM MSK
        1      0 drwxr-xr-x  18 root     root         3340 Mar  7 04:41 /dev

vboxuser@vbox:~/Documents/Starkov_Savva_lb1$ date && find /run -type p -ls 2>error.log  | head -n 1
Sun 09 Mar 2025 07:04:47 PM MSK
       76      0 prw-r--r--   1 vboxuser vboxuser        0 Mar  5 10:31 /run/user/1000/gnome-session-leader-fifo

vboxuser@vbox:~/Documents/Starkov_Savva_lb1$ date && find /run -type s -ls 2>error.log  | head -n 1
Sun 09 Mar 2025 07:05:07 PM MSK
      960      0 srw-rw-rw-   1 root     root            0 Mar  5 10:30 /run/snapd-snap.socket

vboxuser@vbox:~/Documents/Starkov_Savva_lb1$ date && find . -type l -exec ls -l {} +
Sun 09 Mar 2025 07:05:26 PM MSK
lrwxrwxrwx 1 vboxuser vboxuser 10 Mar  9 18:55 ./link_cp.txt -> output.txt
lrwxrwxrwx 1 vboxuser vboxuser 10 Mar  9 18:55 ./link_ln.txt -> output.txt

6)

